level=error msg="gitcall_amulet.gitcall_features_tests.rabbitmq_dundergitcall_vhost: String length must be greater than or equal to 1"
level=error msg="gitcall_amulet.gitcall_features_tests.rabbitmq_gitcall_vhost: String length must be greater than or equal to 1"
level=error msg="gitcall_amulet.gitcall_features_tests.rabbitmq_host: String length must be greater than or equal to 1"
level=error msg="gitcall_amulet.gitcall_features_tests.rabbitmq_password: String length must be greater than or equal to 1"
level=error msg="gitcall_amulet.gitcall_features_tests.rabbitmq_user: String length must be greater than or equal to 1"
level=error msg="gitcall_amulet.gitcall_features_tests: Must validate one and only one schema (oneOf)"
level=error msg="gitcall_amulet.usercode_network_policy_tests.rabbitmq_dundergitcall_vhost: String length must be greater than or equal to 1"
level=error msg="gitcall_amulet.usercode_network_policy_tests.rabbitmq_gitcall_vhost: String length must be greater than or equal to 1"
level=error msg="gitcall_amulet.usercode_network_policy_tests.rabbitmq_host: String length must be greater than or equal to 1"
level=error msg="gitcall_amulet.usercode_network_policy_tests.rabbitmq_password: String length must be greater than or equal to 1"
level=error msg="gitcall_amulet.usercode_network_policy_tests.rabbitmq_user: String length must be greater than or equal to 1"
level=error msg="gitcall_amulet.usercode_network_policy_tests: Must validate one and only one schema (oneOf)"
